src/app/connections/page.tsx(4,75): error TS2724: '"lucide-react"' has no exported member named 'DefaultIcon'. Did you mean 'VaultIcon'?
src/app/settings/page.tsx(208,70): error TS2339: Property 'style' does not exist on type 'EventTarget'.
src/app/settings/page.tsx(209,70): error TS2339: Property 'style' does not exist on type 'EventTarget'.
